[irkutsk.razgruzchiki.ru/index.html]
[backblue.gif]
[fade.gif]
[index.html]
[irkutsk.razgruzchiki.ru/favicon.ico]
[irkutsk.razgruzchiki.ru/themes/razgruzchiki/icons/apple-icon-57x57.png]
[irkutsk.razgruzchiki.ru/themes/razgruzchiki/icons/apple-icon-60x60.png]
[irkutsk.razgruzchiki.ru/themes/razgruzchiki/icons/apple-icon-72x72.png]
[irkutsk.razgruzchiki.ru/themes/razgruzchiki/icons/apple-icon-76x76.png]
[irkutsk.razgruzchiki.ru/themes/razgruzchiki/icons/apple-icon-114x114.png]
[irkutsk.razgruzchiki.ru/themes/razgruzchiki/icons/apple-icon-120x120.png]
[irkutsk.razgruzchiki.ru/themes/razgruzchiki/icons/apple-icon-144x144.png]
[irkutsk.razgruzchiki.ru/themes/razgruzchiki/icons/apple-icon-152x152.png]
[irkutsk.razgruzchiki.ru/themes/razgruzchiki/icons/apple-icon-180x180.png]
[irkutsk.razgruzchiki.ru/themes/razgruzchiki/icons/android-icon-192x192.png]
[irkutsk.razgruzchiki.ru/themes/razgruzchiki/icons/favicon-32x32.png]
[irkutsk.razgruzchiki.ru/themes/razgruzchiki/icons/favicon-96x96.png]
[irkutsk.razgruzchiki.ru/themes/razgruzchiki/icons/favicon-16x16.png]
[irkutsk.razgruzchiki.ru/themes/razgruzchiki/icons/manifest.json]
[irkutsk.razgruzchiki.ru/assets/b5593caf/css/select2-krajee-bs3.minb7b0.css]
[irkutsk.razgruzchiki.ru/assets/d3535b69/css/style.minfd55.css]
[irkutsk.razgruzchiki.ru/assets/9b32aba3/css/all.mina0a4.css]
[irkutsk.razgruzchiki.ru/themes/razgruzchiki/css/bootstrap-grid.min4b9c.css]
[irkutsk.razgruzchiki.ru/themes/razgruzchiki/css/normalizeef04.css]
[irkutsk.razgruzchiki.ru/themes/razgruzchiki/css/webflow2d09.css]
[irkutsk.razgruzchiki.ru/themes/razgruzchiki/css/flavor-lightboxe368.css]
[irkutsk.razgruzchiki.ru/themes/razgruzchiki/css/maina6bf.css]
[irkutsk.razgruzchiki.ru/themes/razgruzchiki/css/v22a0b.css]
[irkutsk.razgruzchiki.ru/themes/razgruzchiki/css/v2.bottomcf95.css]
[irkutsk.razgruzchiki.ru/themes/razgruzchiki/js/slick/slick4818.css]
[irkutsk.razgruzchiki.ru/themes/razgruzchiki/js/slick/slick-theme4818.css]
[irkutsk.razgruzchiki.ru/themes/razgruzchiki/css/jquery.fancyboxfdee.css]
[irkutsk.razgruzchiki.ru/themes/razgruzchiki/css/contacts6235.css]
[irkutsk.razgruzchiki.ru/themes/razgruzchiki/css/popular-services9fe4.css]
[irkutsk.razgruzchiki.ru/themes/razgruzchiki/css/thebest-workersdbb1.css]
[irkutsk.razgruzchiki.ru/themes/razgruzchiki/css/helper-icxp4b9c.css]
[irkutsk.razgruzchiki.ru/themes/razgruzchiki/css/srb44b9c.css]
[irkutsk.razgruzchiki.ru/assets/b724ef65/css/scroll-topa6bd.css]
[mc.yandex.ru/metrika/tag.js]
[irkutsk.razgruzchiki.ru/themes/razgruzchiki/images/logo.svg]
[irkutsk.razgruzchiki.ru/themes/razgruzchiki/images/icon_city.png]
[irkutsk.razgruzchiki.ru/themes/razgruzchiki/images/phone_icon_1phone_icon.png]
[irkutsk.razgruzchiki.ru/service/raznorabochie.html]
[irkutsk.razgruzchiki.ru/service/uborka_i_klining.html]
[irkutsk.razgruzchiki.ru/service/takelazhnye_raboty.html]
[irkutsk.razgruzchiki.ru/service/vyvoz_musora.html]
[irkutsk.razgruzchiki.ru/service/demontazhnye_raboty.html]
[irkutsk.razgruzchiki.ru/service/perevozka_pianino.html]
[irkutsk.razgruzchiki.ru/service/uborka_snega.html]
[irkutsk.razgruzchiki.ru/service/vyvoz_stroitelnogo_musora.html]
[irkutsk.razgruzchiki.ru/service/pod_jom_stroymaterialov_na_etazh.html]
[irkutsk.razgruzchiki.ru/service/perevozka_mebeli.html]
[irkutsk.razgruzchiki.ru/service/sborka_mebeli.html]
[irkutsk.razgruzchiki.ru/service/prices.html]
[irkutsk.razgruzchiki.ru/service/vyvoz_musora_iz_kvartiry.html]
[irkutsk.razgruzchiki.ru/service/vyvoz_musora_s_pogruzkoy.html]
[irkutsk.razgruzchiki.ru/service/vyvoz_musora_na_gazeli.html]
[irkutsk.razgruzchiki.ru/service/kvartirnyy_pereezd.html]
[irkutsk.razgruzchiki.ru/service/dachnyy_pereezd.html]
[irkutsk.razgruzchiki.ru/service/pereezd_sklada__magazina.html]
[irkutsk.razgruzchiki.ru/service/promyshlennyy_takelazh.html]
[irkutsk.razgruzchiki.ru/service/autsorsing_personala.html]
[irkutsk.razgruzchiki.ru/service/autsorsing_gruzchikov_.html]
[irkutsk.razgruzchiki.ru/service/autsorsing_raznorabochih.html]
[irkutsk.razgruzchiki.ru/service/autstaffing_raznorabochih.html]
[irkutsk.razgruzchiki.ru/service/autstaffing_skadskih_rabochih.html]
[irkutsk.razgruzchiki.ru/service/autstaffing_gruzchikov.html]
[irkutsk.razgruzchiki.ru/service/autstaffing_personala.html]
[irkutsk.razgruzchiki.ru/service/avtopark.html]
[irkutsk.razgruzchiki.ru/service/mashina_s_gruzchikami.html]
[irkutsk.razgruzchiki.ru/about/vakansii.html]
[irkutsk.razgruzchiki.ru/about/dlya_voditeley.html]
[irkutsk.razgruzchiki.ru/about/payment.html]
[irkutsk.razgruzchiki.ru/about/politics.html]
[irkutsk.razgruzchiki.ru/about/agreement.html]
[irkutsk.razgruzchiki.ru/about/faq.html]
[irkutsk.razgruzchiki.ru/about/akcii.html]
[irkutsk.razgruzchiki.ru/about/contacts.html]
[irkutsk.razgruzchiki.ru/themes/razgruzchiki/images/man_s1-min-mask.png]
[irkutsk.razgruzchiki.ru/themes/razgruzchiki/images/s1_icon1.png]
[irkutsk.razgruzchiki.ru/themes/razgruzchiki/images/s1_icon3.png]
[irkutsk.razgruzchiki.ru/themes/razgruzchiki/images/s1_icon2.png]
[irkutsk.razgruzchiki.ru/themes/razgruzchiki/images/s2_gruzchiki-min.jpg]
[irkutsk.razgruzchiki.ru/service/perevezti_holodilnik.html]
[irkutsk.razgruzchiki.ru/service/pochasovye_gruzchiki.html]
[irkutsk.razgruzchiki.ru/service/dostavka.html]
[irkutsk.razgruzchiki.ru/service/podsobniki_raznorabochie.html]
[irkutsk.razgruzchiki.ru/themes/razgruzchiki/images/s2_kvart_pereezd.png]
[irkutsk.razgruzchiki.ru/themes/razgruzchiki/images/s2_ofis.png]
[irkutsk.razgruzchiki.ru/service/ofisnyy_pereezd.html]
[irkutsk.razgruzchiki.ru/themes/razgruzchiki/images/s2_car.png]
[irkutsk.razgruzchiki.ru/themes/razgruzchiki/images/calc_icon.png]
[irkutsk.razgruzchiki.ru/themes/razgruzchiki/images/calendar.png]
[irkutsk.razgruzchiki.ru/themes/razgruzchiki/images/s3_photo-mask.png]
[irkutsk.razgruzchiki.ru/themes/razgruzchiki/images/s3_1.png]
[irkutsk.razgruzchiki.ru/themes/razgruzchiki/images/s3_2.png]
[irkutsk.razgruzchiki.ru/themes/razgruzchiki/images/s3_3.png]
[irkutsk.razgruzchiki.ru/themes/razgruzchiki/images/s3_4.png]
[irkutsk.razgruzchiki.ru/upload/5ee1c91c1d0a2.jpg]
[irkutsk.razgruzchiki.ru/upload/5ee1c92b8d102.jpg]
[irkutsk.razgruzchiki.ru/upload/5ee1c9968d013.jpg]
[irkutsk.razgruzchiki.ru/upload/5fc341bba0f91.jpg]
[irkutsk.razgruzchiki.ru/upload/5fc342ab87c12.jpg]
[irkutsk.razgruzchiki.ru/upload/61ee815e617da.jpg]
[irkutsk.razgruzchiki.ru/upload/625d3cab597f6.jpg]
[irkutsk.razgruzchiki.ru/upload/625d3caf77c9e.jpg]
[irkutsk.razgruzchiki.ru/themes/razgruzchiki/images/fix.jpg]
[irkutsk.razgruzchiki.ru/themes/razgruzchiki/images/colins.jpg]
[irkutsk.razgruzchiki.ru/themes/razgruzchiki/images/lab.jpg]
[irkutsk.razgruzchiki.ru/themes/razgruzchiki/images/rosbank.jpg]
[irkutsk.razgruzchiki.ru/themes/razgruzchiki/images/dochki.jpg]
[irkutsk.razgruzchiki.ru/themes/razgruzchiki/images/x5.jpg]
[irkutsk.razgruzchiki.ru/themes/razgruzchiki/images/nbk.jpg]
[irkutsk.razgruzchiki.ru/themes/razgruzchiki/images/sberbank.jpg]
[irkutsk.razgruzchiki.ru/themes/razgruzchiki/images/dodo.jpg]
[irkutsk.razgruzchiki.ru/themes/razgruzchiki/images/belwest.jpg]
[irkutsk.razgruzchiki.ru/themes/razgruzchiki/images/fito.jpg]
[irkutsk.razgruzchiki.ru/themes/razgruzchiki/images/liderirossii_1liderirossii.jpg]
[irkutsk.razgruzchiki.ru/upload/5e1fab96392d7.jpg]
[irkutsk.razgruzchiki.ru/upload/64364a067b38e.jpg]
[irkutsk.razgruzchiki.ru/upload/5e1fac00cc8d8.jpg]
[irkutsk.razgruzchiki.ru/upload/5e1fadcac176e.jpg]
[irkutsk.razgruzchiki.ru/upload/5e1fadffc5f4f.jpg]
[irkutsk.razgruzchiki.ru/upload/5e1fae38d1bce.jpg]
[irkutsk.razgruzchiki.ru/upload/64364a4bb97be.jpg]
[irkutsk.razgruzchiki.ru/upload/5e1faeb87035e.jpg]
[irkutsk.razgruzchiki.ru/upload/64364a7588123.jpg]
[irkutsk.razgruzchiki.ru/upload/64364aa0bfbf3.jpg]
[irkutsk.razgruzchiki.ru/upload/60e68d0c0ef76.jpg]
[irkutsk.razgruzchiki.ru/upload/60e68d24519e6.jpg]
[irkutsk.razgruzchiki.ru/upload/60e68d371410a.jpg]
[irkutsk.razgruzchiki.ru/upload/60e68d482f95d.jpg]
[irkutsk.razgruzchiki.ru/upload/6112256eac384.jpg]
[irkutsk.razgruzchiki.ru/upload/611225c454ab1.jpg]
[irkutsk.razgruzchiki.ru/upload/6112266b59e91.jpg]
[irkutsk.razgruzchiki.ru/upload/611226c4efb1d.jpg]
[irkutsk.razgruzchiki.ru/upload/6401918cab304.jpg]
[irkutsk.razgruzchiki.ru/upload/6401926d8d23a.jpg]
[irkutsk.razgruzchiki.ru/upload/640194a621d58.jpg]
[irkutsk.razgruzchiki.ru/upload/64019598f08a0.jpg]
[irkutsk.razgruzchiki.ru/upload/640196b511e37.jpg]
[irkutsk.razgruzchiki.ru/upload/6401971f61934.jpg]
[irkutsk.razgruzchiki.ru/upload/640197ffb1da3.jpg]
[irkutsk.razgruzchiki.ru/upload/64019857efabc.jpg]
[irkutsk.razgruzchiki.ru/upload/62acbf882abaf.jpg]
[irkutsk.razgruzchiki.ru/upload/62acbfd1cb8d4.jpg]
[irkutsk.razgruzchiki.ru/upload/62acbff27ad6f.jpg]
[irkutsk.razgruzchiki.ru/upload/62acc00bd60a1.jpg]
[irkutsk.razgruzchiki.ru/upload/64364c66d821d.jpg]
[irkutsk.razgruzchiki.ru/upload/62acc05559cc1.jpg]
[irkutsk.razgruzchiki.ru/upload/64364cab74ed7.jpg]
[irkutsk.razgruzchiki.ru/upload/62acc09cc5977.jpg]
[irkutsk.razgruzchiki.ru/upload/62acc0b663ee3.jpg]
[irkutsk.razgruzchiki.ru/upload/64364d426f1fa.jpg]
[irkutsk.razgruzchiki.ru/upload/62acc0ff99b8b.jpg]
[irkutsk.razgruzchiki.ru/upload/62acc12f82cd3.jpg]
[irkutsk.razgruzchiki.ru/upload/62acc174312a0.jpg]
[irkutsk.razgruzchiki.ru/upload/62acc1b70e645.jpg]
[irkutsk.razgruzchiki.ru/upload/62acc1dbaab28.jpg]
[irkutsk.razgruzchiki.ru/upload/62acc21c427e4.jpg]
[irkutsk.razgruzchiki.ru/upload/64364ec339614.jpg]
[irkutsk.razgruzchiki.ru/upload/62acc26a4efff.jpg]
[irkutsk.razgruzchiki.ru/upload/62acc29dc30cc.jpg]
[irkutsk.razgruzchiki.ru/upload/62acc2ed3c545.jpg]
[irkutsk.razgruzchiki.ru/upload/62acc30cd3bab.jpg]
[irkutsk.razgruzchiki.ru/upload/62acc3487ac3a.jpg]
[irkutsk.razgruzchiki.ru/upload/62acc381033c2.jpg]
[irkutsk.razgruzchiki.ru/upload/62acc39a3b48d.jpg]
[irkutsk.razgruzchiki.ru/upload/62acc3bb9a114.jpg]
[irkutsk.razgruzchiki.ru/upload/64364fa0a8d64.jpg]
[irkutsk.razgruzchiki.ru/upload_video_review/6440f23f13993.jpg]
[irkutsk.razgruzchiki.ru/upload_video_review/6440f26bbaa37.jpg]
[irkutsk.razgruzchiki.ru/upload_video_review/6440f2a65ad82.jpg]
[irkutsk.razgruzchiki.ru/upload_video_review/6440f2be0e430.jpg]
[irkutsk.razgruzchiki.ru/themes/razgruzchiki/images/audio-review-avatar.jpg]
[irkutsk.razgruzchiki.ru/upload_audio_review/644668a01abdf.mpeg]
[irkutsk.razgruzchiki.ru/upload_audio_review/644669041600b.mpeg]
[irkutsk.razgruzchiki.ru/themes/razgruzchiki/images/s6_photo.jpg]
[irkutsk.razgruzchiki.ru/themes/razgruzchiki/images/s6_phone_icon_1s6_phone_icon.png]
[irkutsk.razgruzchiki.ru/themes/razgruzchiki/images/s6_marker_faq_1s6_marker_faq.png]
[irkutsk.razgruzchiki.ru/blog/_perevozka_detskoy_mebeli_.html]
[irkutsk.razgruzchiki.ru/blog/_vygruzka_bumagi_na_sklad__.html]
[irkutsk.razgruzchiki.ru/blog/vygruzka_produktov_iz_mashiny_.html]
[irkutsk.razgruzchiki.ru/blog.html]
[irkutsk.razgruzchiki.ru/themes/razgruzchiki/images/phone.png]
[irkutsk.razgruzchiki.ru/themes/razgruzchiki/images/footer_review_1footer_review.png]
[irkutsk.razgruzchiki.ru/cdn-cgi/l/email-protection.html]
[irkutsk.razgruzchiki.ru/themes/razgruzchiki/images/review-icon.png]
[irkutsk.razgruzchiki.ru/themes/razgruzchiki/images/workhours.png]
[irkutsk.razgruzchiki.ru/themes/razgruzchiki/docs/dogovor_primer.docx]
[irkutsk.razgruzchiki.ru/themes/razgruzchiki/docs/contract_example.docx]
[irkutsk.razgruzchiki.ru/themes/razgruzchiki/docs/blank_razgruzchiki.docx]
[irkutsk.razgruzchiki.ru/themes/razgruzchiki/images/card.png]
[irkutsk.razgruzchiki.ru/themes/razgruzchiki/images/nal.png]
[irkutsk.razgruzchiki.ru/themes/razgruzchiki/images/qiwi.png]
[irkutsk.razgruzchiki.ru/themes/razgruzchiki/images/yandex.png]
[irkutsk.razgruzchiki.ru/cdn-cgi/scripts/5c5dd728/cloudflare-static/email-decode.min.js]
[irkutsk.razgruzchiki.ru/themes/razgruzchiki/css/bootstrap.min.css]
[irkutsk.razgruzchiki.ru/assets/3dc82f21/css/bootstrap-datepicker3.minaf2e.css]
[irkutsk.razgruzchiki.ru/assets/3dc82f21/css/datepicker-kv.minb4d7.css]
[irkutsk.razgruzchiki.ru/assets/1074e8f7/css/kv-widgets.min446a.css]
[irkutsk.razgruzchiki.ru/assets/3649befb/css/select2.min5323.css]
[irkutsk.razgruzchiki.ru/assets/b5593caf/css/select2-addl.minb7b0.css]
[irkutsk.razgruzchiki.ru/assets/5b6ea7d6/skins/alle5b6.css]
[irkutsk.razgruzchiki.ru/themes/razgruzchiki/css/v2.bottom.css]
[irkutsk.razgruzchiki.ru/assets/64fd1279/jquery.min2b32.js]
[irkutsk.razgruzchiki.ru/assets/bab9fde5/yiieabf.js]
[irkutsk.razgruzchiki.ru/assets/3dc82f21/js/bootstrap-datepicker.minaf2e.js]
[irkutsk.razgruzchiki.ru/assets/3dc82f21/js/datepicker-kv.minb4d7.js]
[irkutsk.razgruzchiki.ru/assets/3dc82f21/js/locales/bootstrap-datepicker.ru.minaf2e.js]
[irkutsk.razgruzchiki.ru/assets/1074e8f7/js/kv-widgets.min446a.js]
[irkutsk.razgruzchiki.ru/assets/3649befb/js/select2.full.min5323.js]
[irkutsk.razgruzchiki.ru/assets/3649befb/js/i18n/ru5323.js]
[irkutsk.razgruzchiki.ru/assets/b5593caf/js/select2-krajee.minb7b0.js]
[irkutsk.razgruzchiki.ru/assets/c4edb2ad/js/bootstrap.mina8cb.js]
[irkutsk.razgruzchiki.ru/assets/5b6ea7d6/icheck.mine5b6.js]
[irkutsk.razgruzchiki.ru/libs/inputmask.min05dd.js]
[irkutsk.razgruzchiki.ru/libs/readmore.min7786.js]
[irkutsk.razgruzchiki.ru/themes/razgruzchiki/js/modernizr1f0d.js]
[irkutsk.razgruzchiki.ru/themes/razgruzchiki/js/webflow4b9c.js]
[irkutsk.razgruzchiki.ru/themes/razgruzchiki/js/jquery.flavor864d.js]
[irkutsk.razgruzchiki.ru/themes/razgruzchiki/js/slick/slick.min13d0.js]
[irkutsk.razgruzchiki.ru/themes/razgruzchiki/js/jquery.fancybox.packd1c9.js]
[irkutsk.razgruzchiki.ru/themes/razgruzchiki/js/maind04d.js]
[irkutsk.razgruzchiki.ru/themes/razgruzchiki/js/contactsc371.js]
[irkutsk.razgruzchiki.ru/libs/jivosite05dd.js]
[irkutsk.razgruzchiki.ru/themes/razgruzchiki/js/territorycf95.js]
[irkutsk.razgruzchiki.ru/assets/b724ef65/js/scroll-topa6bd.js]
[irkutsk.razgruzchiki.ru/cdn-cgi/challenge-platform/scripts/invisible.js]
[irkutsk.razgruzchiki.ru/index.html]
[irkutsk.razgruzchiki.ru/cdn-cgi/challenge-platform/h/b/scripts/jsd/078c83c1/invisible.js]
[irkutsk.razgruzchiki.ru/assets/b5593caf/css/search.png]
[irkutsk.razgruzchiki.ru/assets/b5593caf/css/loading.gif]
[irkutsk.razgruzchiki.ru/assets/b5593caf/css/select2-krajee-bs3.minb7b0.css]
[irkutsk.razgruzchiki.ru/assets/d3535b69/fonts/social-icons7a50.ttf]
[irkutsk.razgruzchiki.ru/assets/d3535b69/fonts/social-icons7a50.woff]
[irkutsk.razgruzchiki.ru/assets/d3535b69/css/style.minfd55.css]
[irkutsk.razgruzchiki.ru/assets/d3535b69/fonts/social-icons7a50.svg]
[irkutsk.razgruzchiki.ru/assets/9b32aba3/webfonts/fa-brands-400.eot]
[irkutsk.razgruzchiki.ru/assets/9b32aba3/webfonts/fa-brands-400d41d.eot]
[irkutsk.razgruzchiki.ru/assets/9b32aba3/webfonts/fa-brands-400.woff]
[irkutsk.razgruzchiki.ru/assets/9b32aba3/webfonts/fa-brands-400.ttf]
[irkutsk.razgruzchiki.ru/assets/9b32aba3/webfonts/fa-brands-400.svg]
[irkutsk.razgruzchiki.ru/assets/9b32aba3/webfonts/fa-regular-400.eot]
[irkutsk.razgruzchiki.ru/assets/9b32aba3/webfonts/fa-regular-400d41d.eot]
[irkutsk.razgruzchiki.ru/assets/9b32aba3/webfonts/fa-regular-400.woff]
[irkutsk.razgruzchiki.ru/assets/9b32aba3/webfonts/fa-regular-400.ttf]
[irkutsk.razgruzchiki.ru/assets/9b32aba3/webfonts/fa-regular-400.svg]
[irkutsk.razgruzchiki.ru/assets/9b32aba3/webfonts/fa-solid-900.eot]
[irkutsk.razgruzchiki.ru/assets/9b32aba3/webfonts/fa-solid-900d41d.eot]
[irkutsk.razgruzchiki.ru/assets/9b32aba3/webfonts/fa-solid-900.woff]
[irkutsk.razgruzchiki.ru/assets/9b32aba3/webfonts/fa-solid-900.ttf]
[irkutsk.razgruzchiki.ru/assets/9b32aba3/css/all.mina0a4.css]
[irkutsk.razgruzchiki.ru/themes/razgruzchiki/css/bootstrap-grid.min4b9c.css]
[irkutsk.razgruzchiki.ru/themes/razgruzchiki/css/normalizeef04.css]
[irkutsk.razgruzchiki.ru/themes/razgruzchiki/css/webflow2d09.css]
[irkutsk.razgruzchiki.ru/themes/razgruzchiki/css/flavor-lightboxe368.css]
[irkutsk.razgruzchiki.ru/assets/9b32aba3/webfonts/fa-solid-900.svg]
[irkutsk.razgruzchiki.ru/themes/razgruzchiki/images/s4_bg.jpg]
[irkutsk.razgruzchiki.ru/themes/razgruzchiki/images/otzyv-2_1otzyv-2.jpg]
[irkutsk.razgruzchiki.ru/themes/razgruzchiki/images/otzyv-3_1otzyv-3.jpg]
[irkutsk.razgruzchiki.ru/themes/razgruzchiki/images/otzyv-5_1otzyv-5.jpg]
[irkutsk.razgruzchiki.ru/themes/razgruzchiki/images/otzyv-9_1otzyv-9.jpg]
[irkutsk.razgruzchiki.ru/themes/razgruzchiki/images/otzyv-7_1otzyv-7.jpg]
[irkutsk.razgruzchiki.ru/themes/razgruzchiki/images/otzyv-4_1otzyv-4.jpg]
[irkutsk.razgruzchiki.ru/themes/razgruzchiki/images/otzyv-6_1otzyv-6.jpg]
[irkutsk.razgruzchiki.ru/themes/razgruzchiki/css/maina6bf.css]
[irkutsk.razgruzchiki.ru/themes/razgruzchiki/images/calc_bg.png]
[irkutsk.razgruzchiki.ru/themes/razgruzchiki/images/bg_man_service-mask2.png]
[irkutsk.razgruzchiki.ru/themes/razgruzchiki/images/marker-to-right.png]
[irkutsk.razgruzchiki.ru/themes/razgruzchiki/images/burger.png]
[irkutsk.razgruzchiki.ru/themes/razgruzchiki/images/close.png]
[irkutsk.razgruzchiki.ru/themes/razgruzchiki/images/spinner.svg]
[irkutsk.razgruzchiki.ru/themes/razgruzchiki/images/icheck-flat-yellow.png]
[irkutsk.razgruzchiki.ru/themes/razgruzchiki/images/bg_s1-min.jpg]
[irkutsk.razgruzchiki.ru/themes/razgruzchiki/css/v22a0b.css]
[irkutsk.razgruzchiki.ru/themes/razgruzchiki/images/arrow-down.png]
[irkutsk.razgruzchiki.ru/themes/razgruzchiki/images/wall-clock-27b30.png]
[irkutsk.razgruzchiki.ru/themes/razgruzchiki/images/white-gray-dot_shadow.png]
[irkutsk.razgruzchiki.ru/themes/razgruzchiki/images/white-blue-dot_shadow.png]
[irkutsk.razgruzchiki.ru/themes/razgruzchiki/css/v2.bottomcf95.css]
[irkutsk.razgruzchiki.ru/themes/razgruzchiki/js/slick/slick4818.css]
[irkutsk.razgruzchiki.ru/themes/razgruzchiki/js/slick/ajax-loader.gif]
[irkutsk.razgruzchiki.ru/themes/razgruzchiki/js/slick/fonts/slick.eot]
[irkutsk.razgruzchiki.ru/themes/razgruzchiki/js/slick/fonts/slickd41d.eot]
[irkutsk.razgruzchiki.ru/themes/razgruzchiki/js/slick/fonts/slick.woff]
[irkutsk.razgruzchiki.ru/themes/razgruzchiki/js/slick/fonts/slick.ttf]
[irkutsk.razgruzchiki.ru/themes/razgruzchiki/js/slick/slick-theme4818.css]
[irkutsk.razgruzchiki.ru/themes/razgruzchiki/js/slick/fonts/slick.svg]
[irkutsk.razgruzchiki.ru/themes/razgruzchiki/images/fancybox_sprite.png]
[irkutsk.razgruzchiki.ru/themes/razgruzchiki/images/fancybox_loading.gif]
[irkutsk.razgruzchiki.ru/themes/razgruzchiki/images/blank.gif]
[irkutsk.razgruzchiki.ru/themes/razgruzchiki/images/fancybox_overlay.png]
[irkutsk.razgruzchiki.ru/themes/razgruzchiki/images/fancybox_sprite@2x.png]
[irkutsk.razgruzchiki.ru/themes/razgruzchiki/css/fancybox_loading@2x.gif]
[irkutsk.razgruzchiki.ru/themes/razgruzchiki/css/jquery.fancyboxfdee.css]
[irkutsk.razgruzchiki.ru/themes/razgruzchiki/css/contacts6235.css]
[irkutsk.razgruzchiki.ru/themes/razgruzchiki/css/popular-services9fe4.css]
[irkutsk.razgruzchiki.ru/themes/razgruzchiki/images/leib.png]
[irkutsk.razgruzchiki.ru/themes/razgruzchiki/images/star.svg]
[irkutsk.razgruzchiki.ru/themes/razgruzchiki/images/empty-star.svg]
[irkutsk.razgruzchiki.ru/themes/razgruzchiki/css/thebest-workersdbb1.css]
[irkutsk.razgruzchiki.ru/themes/razgruzchiki/fonts/Oxygen.eot]
[irkutsk.razgruzchiki.ru/themes/razgruzchiki/fonts/Oxygend41d.eot]
[irkutsk.razgruzchiki.ru/themes/razgruzchiki/fonts/Oxygen.otf]
[irkutsk.razgruzchiki.ru/themes/razgruzchiki/fonts/Oxygen.svg]
[irkutsk.razgruzchiki.ru/themes/razgruzchiki/fonts/Oxygen.ttf]
[irkutsk.razgruzchiki.ru/themes/razgruzchiki/fonts/Oxygen.woff]
[irkutsk.razgruzchiki.ru/themes/razgruzchiki/fonts/Oxygen.woff2]
[irkutsk.razgruzchiki.ru/themes/razgruzchiki/fonts/Oxygen-Italic.eot]
[irkutsk.razgruzchiki.ru/themes/razgruzchiki/fonts/Oxygen-Italicd41d.eot]
[irkutsk.razgruzchiki.ru/themes/razgruzchiki/fonts/Oxygen-Italic.otf]
[irkutsk.razgruzchiki.ru/themes/razgruzchiki/fonts/Oxygen-Italic.svg]
[irkutsk.razgruzchiki.ru/themes/razgruzchiki/fonts/Oxygen-Italic.ttf]
[irkutsk.razgruzchiki.ru/themes/razgruzchiki/fonts/Oxygen-Italic.woff]
[irkutsk.razgruzchiki.ru/themes/razgruzchiki/fonts/Oxygen-Italic.woff2]
[irkutsk.razgruzchiki.ru/themes/razgruzchiki/fonts/Oxygen-BoldItalic.eot]
[irkutsk.razgruzchiki.ru/themes/razgruzchiki/fonts/Oxygen-BoldItalicd41d.eot]
[irkutsk.razgruzchiki.ru/themes/razgruzchiki/fonts/Oxygen-BoldItalic.otf]
[irkutsk.razgruzchiki.ru/themes/razgruzchiki/fonts/Oxygen-BoldItalic.svg]
[irkutsk.razgruzchiki.ru/themes/razgruzchiki/fonts/Oxygen-BoldItalic.ttf]
[irkutsk.razgruzchiki.ru/themes/razgruzchiki/fonts/Oxygen-BoldItalic.woff]
[irkutsk.razgruzchiki.ru/themes/razgruzchiki/fonts/Oxygen-BoldItalic.woff2]
[irkutsk.razgruzchiki.ru/themes/razgruzchiki/css/helper-icxp4b9c.css]
[irkutsk.razgruzchiki.ru/themes/razgruzchiki/css/srb44b9c.css]
[irkutsk.razgruzchiki.ru/assets/b724ef65/css/scroll-topa6bd.css]
[irkutsk.razgruzchiki.ru/themes/razgruzchiki/images/logo.svg]
[irkutsk.razgruzchiki.ru/service/brigada_raznorabochih.html]
[irkutsk.razgruzchiki.ru/service/stroiteli_raznorabochie.html]
[irkutsk.razgruzchiki.ru/service/sborshhiki_raznorabochie.html]
[irkutsk.razgruzchiki.ru/service/pomosh]
[irkutsk.razgruzchiki.ru/service/perevezti_veshhi.html]
[irkutsk.razgruzchiki.ru/service/zemlyanye_raboty.html]
[irkutsk.razgruzchiki.ru/service/kopka_transhei_vruchnuyu.html]
[irkutsk.razgruzchiki.ru/service/_perevozka_bankomata.html]
[irkutsk.razgruzchiki.ru/service/perevozka_seyfov.html]
[irkutsk.razgruzchiki.ru/service/perevozka_stankov.html]
[razgruzchiki.ru/upload/5df21fa7c4abd.jpg]
[irkutsk.razgruzchiki.ru/upload/5df21fa7c4abd.jpg]
[irkutsk.razgruzchiki.ru/themes/razgruzchiki/css/bootstrap.min2dac.css]
[irkutsk.razgruzchiki.ru/service/raznorabochie.html]
[razgruzchiki.ru/upload/5df24bb5d6722.jpg]
[irkutsk.razgruzchiki.ru/upload/5df24bb5d6722.jpg]
[irkutsk.razgruzchiki.ru/service/uborka_i_klining.html]
[irkutsk.razgruzchiki.ru/service/takelazhnye_raboty.html]
[razgruzchiki.ru/upload/5df2eaf130315.jpg]
[irkutsk.razgruzchiki.ru/upload/5df2eaf130315.jpg]
[irkutsk.razgruzchiki.ru/service/vyvoz_musora.html]
[irkutsk.razgruzchiki.ru/service/demontazhnye_raboty.html]
[irkutsk.razgruzchiki.ru/service/perevozka_pianino.html]
[irkutsk.razgruzchiki.ru/service/uborka_snega.html]
[irkutsk.razgruzchiki.ru/service/vyvoz_stroitelnogo_musora.html]
[razgruzchiki.ru/upload/5dfc8bff09841.jpg]
[irkutsk.razgruzchiki.ru/upload/5dfc8bff09841.jpg]
[irkutsk.razgruzchiki.ru/service/pod_jom_stroymaterialov_na_etazh.html]
[irkutsk.razgruzchiki.ru/service/perevozka_mebeli.html]
[irkutsk.razgruzchiki.ru/service/sborka_mebeli.html]
[irkutsk.razgruzchiki.ru/service/prices.html]
[irkutsk.razgruzchiki.ru/service/vyvoz_musora_iz_kvartiry.html]
[irkutsk.razgruzchiki.ru/service/vyvoz_musora_s_pogruzkoy.html]
[irkutsk.razgruzchiki.ru/service/vyvoz_musora_na_gazeli.html]
[razgruzchiki.ru/upload/5df2ef77a06e7.jpg]
[irkutsk.razgruzchiki.ru/upload/5df2ef77a06e7.jpg]
[irkutsk.razgruzchiki.ru/service/kvartirnyy_pereezd.html]
[razgruzchiki.ru/upload/5df2f0b36c8c7.jpg]
[irkutsk.razgruzchiki.ru/upload/5df2f0b36c8c7.jpg]
[irkutsk.razgruzchiki.ru/service/dachnyy_pereezd.html]
[irkutsk.razgruzchiki.ru/service/lizing_personala.html]
[razgruzchiki.ru/upload/5df2f434c5dd1.jpg]
[irkutsk.razgruzchiki.ru/upload/5df2f434c5dd1.jpg]
[irkutsk.razgruzchiki.ru/service/pereezd_sklada__magazina.html]
[irkutsk.razgruzchiki.ru/service/promyshlennyy_takelazh.html]
[irkutsk.razgruzchiki.ru/service/autsorsing_personala.html]
[irkutsk.razgruzchiki.ru/service/autsorsing_gruzchikov_.html]
[irkutsk.razgruzchiki.ru/service/autsorsing_raznorabochih.html]
[irkutsk.razgruzchiki.ru/service/autstaffing_raznorabochih.html]
[irkutsk.razgruzchiki.ru/service/autstaffing_skadskih_rabochih.html]
[irkutsk.razgruzchiki.ru/service/autstaffing_gruzchikov.html]
[irkutsk.razgruzchiki.ru/service/autstaffing_personala.html]
[irkutsk.razgruzchiki.ru/themes/razgruzchiki/autopark/standart.png]
[irkutsk.razgruzchiki.ru/themes/razgruzchiki/autopark/fermer.png]
[irkutsk.razgruzchiki.ru/themes/razgruzchiki/autopark/udlinennaya.png]
[irkutsk.razgruzchiki.ru/themes/razgruzchiki/autopark/mebelny.png]
[irkutsk.razgruzchiki.ru/themes/razgruzchiki/autopark/kamaz.png]
[irkutsk.razgruzchiki.ru/themes/razgruzchiki/autopark/fura20.png]
[irkutsk.razgruzchiki.ru/themes/razgruzchiki/autopark/samosval.png]
[irkutsk.razgruzchiki.ru/themes/razgruzchiki/autopark/avtorefrizherator.png]
[irkutsk.razgruzchiki.ru/themes/razgruzchiki/autopark/piramida.png]
[irkutsk.razgruzchiki.ru/service/avtopark.html]
[irkutsk.razgruzchiki.ru/upload/5e1d3ea89150f.jpg]
[irkutsk.razgruzchiki.ru/service/mashina_s_gruzchikami.html]
[irkutsk.razgruzchiki.ru/upload/5df2f7d51682e.jpg]
[irkutsk.razgruzchiki.ru/about/vakansii.html]
[irkutsk.razgruzchiki.ru/about/dlya_voditeley.html]
[irkutsk.razgruzchiki.ru/about/payment.html]
[irkutsk.razgruzchiki.ru/about/politics.html]
[irkutsk.razgruzchiki.ru/about/agreement.html]
[irkutsk.razgruzchiki.ru/about/faq.html]
[razgruzchiki.ru/themes/razgruzchiki/images/s3_1.png]
[razgruzchiki.ru/themes/razgruzchiki/images/s3_2.png]
[razgruzchiki.ru/themes/razgruzchiki/images/s3_3.png]
[irkutsk.razgruzchiki.ru/about/akcii.html]
[irkutsk.razgruzchiki.ru/about/contacts.html]
[irkutsk.razgruzchiki.ru/service/perevezti_holodilnik.html]
[irkutsk.razgruzchiki.ru/service/pochasovye_gruzchiki.html]
[irkutsk.razgruzchiki.ru/service/dostavka.html]
[irkutsk.razgruzchiki.ru/service/podsobniki_raznorabochie.html]
[razgruzchiki.ru/themes/razgruzchiki/images/logo.svg]
[razgruzchiki.ru/upload/5df2f33c14d53.jpg]
[irkutsk.razgruzchiki.ru/upload/5df2f33c14d53.jpg]
[irkutsk.razgruzchiki.ru/service/ofisnyy_pereezd.html]
[irkutsk.razgruzchiki.ru/upload/643be4c56e5de.jpg]
[irkutsk.razgruzchiki.ru/upload/643be4baef353.jpg]
[vk.com/share.179b70a.delayed]
[m.vk.com/share.17a16d8.delayed]
[irkutsk.razgruzchiki.ru/blog/_perevozka_detskoy_mebeli_.html]
[irkutsk.razgruzchiki.ru/upload/641c5df579019.jpg]
[irkutsk.razgruzchiki.ru/upload/641c5dc7e3f76.jpg]
[irkutsk.razgruzchiki.ru/upload/641c5debe4d08.jpg]
[vk.com/share9c87.php]
[m.vk.com/share.181de2b.delayed]
[irkutsk.razgruzchiki.ru/blog/_vygruzka_bumagi_na_sklad__.html]
[irkutsk.razgruzchiki.ru/upload/63610cb58fe8b.jpg]
[irkutsk.razgruzchiki.ru/upload/63610c3bd0555.jpg]
[vk.com/sharec506.php]
[m.vk.com/share4628.php]
[irkutsk.razgruzchiki.ru/blog/vygruzka_produktov_iz_mashiny_.html]
[irkutsk.razgruzchiki.ru/blog/operativnye_dannye_8_aprelya_2020_goda.html]
[irkutsk.razgruzchiki.ru/blog.html]
[irkutsk.razgruzchiki.ru/cdn-cgi/l/email-protection.html]
[irkutsk.razgruzchiki.ru/themes/razgruzchiki/css/bootstrap.min.css]
[irkutsk.razgruzchiki.ru/assets/3dc82f21/css/bootstrap-datepicker3.minaf2e.css]
[irkutsk.razgruzchiki.ru/assets/3dc82f21/css/datepicker-kv.minb4d7.css]
[irkutsk.razgruzchiki.ru/blog/antikrizisnye_mery_v_kompanii__raz__gruzchiki_.html]
[irkutsk.razgruzchiki.ru/assets/1074e8f7/img/loading-plugin.gif]
[irkutsk.razgruzchiki.ru/assets/1074e8f7/css/kv-widgets.min446a.css]
[irkutsk.razgruzchiki.ru/assets/3649befb/css/select2.min5323.css]
[irkutsk.razgruzchiki.ru/assets/b5593caf/css/select2-addl.minb7b0.css]
[irkutsk.razgruzchiki.ru/assets/5b6ea7d6/skins/minimal/_all.css]
[irkutsk.razgruzchiki.ru/assets/5b6ea7d6/skins/square/_all.css]
[irkutsk.razgruzchiki.ru/assets/5b6ea7d6/skins/flat/_all.css]
[irkutsk.razgruzchiki.ru/assets/5b6ea7d6/skins/line/_all.css]
[irkutsk.razgruzchiki.ru/assets/5b6ea7d6/skins/polaris/polaris.css]
[irkutsk.razgruzchiki.ru/assets/5b6ea7d6/skins/alle5b6.css]
[irkutsk.razgruzchiki.ru/themes/razgruzchiki/css/v2.bottom.css]
[irkutsk.razgruzchiki.ru/assets/d3535b69/fonts/social-icons7a50.svg]
[irkutsk.razgruzchiki.ru/assets/9b32aba3/webfonts/fa-brands-400.html]
[irkutsk.razgruzchiki.ru/assets/9b32aba3/webfonts/fa-brands-400.svg]
[irkutsk.razgruzchiki.ru/assets/9b32aba3/webfonts/fa-regular-400.html]
[irkutsk.razgruzchiki.ru/assets/9b32aba3/webfonts/fa-regular-400.svg]
[irkutsk.razgruzchiki.ru/assets/9b32aba3/webfonts/fa-solid-900.html]
[irkutsk.razgruzchiki.ru/assets/5b6ea7d6/skins/futurico/futurico.css]
[irkutsk.razgruzchiki.ru/assets/9b32aba3/webfonts/fa-solid-900.svg]
[irkutsk.razgruzchiki.ru/themes/razgruzchiki/images/bg_man_service-mask2.html]
[irkutsk.razgruzchiki.ru/themes/razgruzchiki/images/spinner.svg]
[irkutsk.razgruzchiki.ru/themes/razgruzchiki/images/bg_s1-min.html]
[irkutsk.razgruzchiki.ru/themes/razgruzchiki/js/slick/fonts/slick.svg]
[irkutsk.razgruzchiki.ru/themes/razgruzchiki/images/blank.html]
[irkutsk.razgruzchiki.ru/themes/razgruzchiki/css/fancybox_loading@2x.html]
[irkutsk.razgruzchiki.ru/themes/razgruzchiki/images/star.html]
[irkutsk.razgruzchiki.ru/themes/razgruzchiki/images/empty-star.html]
[irkutsk.razgruzchiki.ru/themes/razgruzchiki/fonts/Oxygen.html]
[irkutsk.razgruzchiki.ru/themes/razgruzchiki/fonts/Oxygend41d.html]
[irkutsk.razgruzchiki.ru/themes/razgruzchiki/fonts/Oxygen-2.html]
[irkutsk.razgruzchiki.ru/themes/razgruzchiki/fonts/Oxygen-3.html]
[irkutsk.razgruzchiki.ru/themes/razgruzchiki/fonts/Oxygen-4.html]
[irkutsk.razgruzchiki.ru/themes/razgruzchiki/fonts/Oxygen-5.html]
[irkutsk.razgruzchiki.ru/themes/razgruzchiki/fonts/Oxygen-6.html]
[irkutsk.razgruzchiki.ru/themes/razgruzchiki/fonts/Oxygen-Italic.html]
[irkutsk.razgruzchiki.ru/themes/razgruzchiki/fonts/Oxygen-Italicd41d.html]
[irkutsk.razgruzchiki.ru/themes/razgruzchiki/fonts/Oxygen-Italic-2.html]
[irkutsk.razgruzchiki.ru/themes/razgruzchiki/fonts/Oxygen-Italic-3.html]
[irkutsk.razgruzchiki.ru/themes/razgruzchiki/fonts/Oxygen-Italic-4.html]
[irkutsk.razgruzchiki.ru/themes/razgruzchiki/fonts/Oxygen-Italic-5.html]
[irkutsk.razgruzchiki.ru/themes/razgruzchiki/fonts/Oxygen-Italic-6.html]
[irkutsk.razgruzchiki.ru/themes/razgruzchiki/fonts/Oxygen-BoldItalic.html]
[irkutsk.razgruzchiki.ru/themes/razgruzchiki/fonts/Oxygen-BoldItalicd41d.html]
[irkutsk.razgruzchiki.ru/themes/razgruzchiki/fonts/Oxygen-BoldItalic-2.html]
[irkutsk.razgruzchiki.ru/themes/razgruzchiki/fonts/Oxygen-BoldItalic-3.html]
[irkutsk.razgruzchiki.ru/themes/razgruzchiki/fonts/Oxygen-BoldItalic-4.html]
[irkutsk.razgruzchiki.ru/themes/razgruzchiki/fonts/Oxygen-BoldItalic-5.html]
[irkutsk.razgruzchiki.ru/themes/razgruzchiki/fonts/Oxygen-BoldItalic-6.html]
[irkutsk.razgruzchiki.ru/service/brigada_raznorabochih.html]
[irkutsk.razgruzchiki.ru/service/stroiteli_raznorabochie.html]
[irkutsk.razgruzchiki.ru/service/sborshhiki_raznorabochie.html]
[irkutsk.razgruzchiki.ru/service/pomosh.html]
[irkutsk.razgruzchiki.ru/service/perevezti_veshhi.html]
[irkutsk.razgruzchiki.ru/service/zemlyanye_raboty.html]
[irkutsk.razgruzchiki.ru/service/kopka_transhei_vruchnuyu.html]
[irkutsk.razgruzchiki.ru/service/_perevozka_bankomata.html]
[irkutsk.razgruzchiki.ru/service/perevozka_seyfov.html]
[irkutsk.razgruzchiki.ru/service/perevozka_stankov.html]
[irkutsk.razgruzchiki.ru/upload/5df21fa7c4abd.html]
[irkutsk.razgruzchiki.ru/themes/razgruzchiki/css/bootstrap.min2dac.css]
[irkutsk.razgruzchiki.ru/upload/5df24bb5d6722.html]
[irkutsk.razgruzchiki.ru/upload/5df2eaf130315.html]
[irkutsk.razgruzchiki.ru/upload/5dfc8bff09841.html]
[irkutsk.razgruzchiki.ru/upload/5df2ef77a06e7.html]
[irkutsk.razgruzchiki.ru/upload/5df2f0b36c8c7.html]
[irkutsk.razgruzchiki.ru/service/lizing_personala.html]
[irkutsk.razgruzchiki.ru/upload/5df2f434c5dd1.html]
[razgruzchiki.ru/themes/razgruzchiki/images/logo.svg]
[irkutsk.razgruzchiki.ru/upload/5df2f33c14d53.html]
[irkutsk.razgruzchiki.ru/upload/5e8d85bf5e728.jpg]
[irkutsk.razgruzchiki.ru/blog/operativnye_dannye_8_aprelya_2020_goda.html]
[irkutsk.razgruzchiki.ru/upload/5e89c77822d7e.jpg]
[irkutsk.razgruzchiki.ru/upload/5e89c313d4742.jpg]
[vk.com/share.1963534.delayed]
[m.vk.com/share.197a899.delayed]
[irkutsk.razgruzchiki.ru/blog/antikrizisnye_mery_v_kompanii__raz__gruzchiki_.html]
[irkutsk.razgruzchiki.ru/assets/5b6ea7d6/skins/minimal/minimal.png]
[irkutsk.razgruzchiki.ru/assets/5b6ea7d6/skins/minimal/minimal@2x.png]
[irkutsk.razgruzchiki.ru/assets/5b6ea7d6/skins/minimal/red.png]
[irkutsk.razgruzchiki.ru/assets/5b6ea7d6/skins/minimal/red@2x.png]
[irkutsk.razgruzchiki.ru/assets/5b6ea7d6/skins/minimal/green.png]
[irkutsk.razgruzchiki.ru/assets/5b6ea7d6/skins/minimal/green@2x.png]
[irkutsk.razgruzchiki.ru/assets/5b6ea7d6/skins/minimal/blue.png]
[irkutsk.razgruzchiki.ru/assets/5b6ea7d6/skins/minimal/blue@2x.png]
[irkutsk.razgruzchiki.ru/assets/5b6ea7d6/skins/minimal/aero.png]
[irkutsk.razgruzchiki.ru/assets/5b6ea7d6/skins/minimal/aero@2x.png]
[irkutsk.razgruzchiki.ru/assets/5b6ea7d6/skins/minimal/grey.png]
[irkutsk.razgruzchiki.ru/assets/5b6ea7d6/skins/minimal/grey@2x.png]
[irkutsk.razgruzchiki.ru/assets/5b6ea7d6/skins/minimal/orange.png]
[irkutsk.razgruzchiki.ru/assets/5b6ea7d6/skins/minimal/orange@2x.png]
[irkutsk.razgruzchiki.ru/assets/5b6ea7d6/skins/minimal/yellow.png]
[irkutsk.razgruzchiki.ru/assets/5b6ea7d6/skins/minimal/yellow@2x.png]
[irkutsk.razgruzchiki.ru/assets/5b6ea7d6/skins/minimal/pink.png]
[irkutsk.razgruzchiki.ru/assets/5b6ea7d6/skins/minimal/pink@2x.png]
[irkutsk.razgruzchiki.ru/assets/5b6ea7d6/skins/minimal/purple.png]
[irkutsk.razgruzchiki.ru/assets/5b6ea7d6/skins/minimal/purple@2x.png]
[irkutsk.razgruzchiki.ru/assets/5b6ea7d6/skins/minimal/_all.css]
[irkutsk.razgruzchiki.ru/assets/5b6ea7d6/skins/square/square.png]
[irkutsk.razgruzchiki.ru/assets/5b6ea7d6/skins/square/square@2x.png]
[irkutsk.razgruzchiki.ru/assets/5b6ea7d6/skins/square/red.png]
[irkutsk.razgruzchiki.ru/assets/5b6ea7d6/skins/square/red@2x.png]
[irkutsk.razgruzchiki.ru/assets/5b6ea7d6/skins/square/green.png]
[irkutsk.razgruzchiki.ru/assets/5b6ea7d6/skins/square/green@2x.png]
[irkutsk.razgruzchiki.ru/assets/5b6ea7d6/skins/square/blue.png]
[irkutsk.razgruzchiki.ru/assets/5b6ea7d6/skins/square/blue@2x.png]
[irkutsk.razgruzchiki.ru/assets/5b6ea7d6/skins/square/aero.png]
[irkutsk.razgruzchiki.ru/assets/5b6ea7d6/skins/square/aero@2x.png]
[irkutsk.razgruzchiki.ru/assets/5b6ea7d6/skins/square/grey.png]
[irkutsk.razgruzchiki.ru/assets/5b6ea7d6/skins/square/grey@2x.png]
[irkutsk.razgruzchiki.ru/assets/5b6ea7d6/skins/square/orange.png]
[irkutsk.razgruzchiki.ru/assets/5b6ea7d6/skins/square/orange@2x.png]
[irkutsk.razgruzchiki.ru/assets/5b6ea7d6/skins/square/yellow.png]
[irkutsk.razgruzchiki.ru/assets/5b6ea7d6/skins/square/yellow@2x.png]
[irkutsk.razgruzchiki.ru/assets/5b6ea7d6/skins/square/pink.png]
[irkutsk.razgruzchiki.ru/assets/5b6ea7d6/skins/square/pink@2x.png]
[irkutsk.razgruzchiki.ru/assets/5b6ea7d6/skins/square/purple.png]
[irkutsk.razgruzchiki.ru/assets/5b6ea7d6/skins/square/purple@2x.png]
[irkutsk.razgruzchiki.ru/assets/5b6ea7d6/skins/square/_all.css]
[irkutsk.razgruzchiki.ru/assets/5b6ea7d6/skins/flat/flat.png]
[irkutsk.razgruzchiki.ru/assets/5b6ea7d6/skins/flat/flat@2x.png]
[irkutsk.razgruzchiki.ru/assets/5b6ea7d6/skins/flat/red.png]
[irkutsk.razgruzchiki.ru/assets/5b6ea7d6/skins/flat/red@2x.png]
[irkutsk.razgruzchiki.ru/assets/5b6ea7d6/skins/flat/green.png]
[irkutsk.razgruzchiki.ru/assets/5b6ea7d6/skins/flat/green@2x.png]
[irkutsk.razgruzchiki.ru/assets/5b6ea7d6/skins/flat/blue.png]
[irkutsk.razgruzchiki.ru/assets/5b6ea7d6/skins/flat/blue@2x.png]
[irkutsk.razgruzchiki.ru/assets/5b6ea7d6/skins/flat/aero.png]
[irkutsk.razgruzchiki.ru/assets/5b6ea7d6/skins/flat/aero@2x.png]
[irkutsk.razgruzchiki.ru/assets/5b6ea7d6/skins/flat/grey.png]
[irkutsk.razgruzchiki.ru/assets/5b6ea7d6/skins/flat/grey@2x.png]
[irkutsk.razgruzchiki.ru/assets/5b6ea7d6/skins/flat/orange.png]
[irkutsk.razgruzchiki.ru/assets/5b6ea7d6/skins/flat/orange@2x.png]
[irkutsk.razgruzchiki.ru/assets/5b6ea7d6/skins/flat/yellow.png]
[irkutsk.razgruzchiki.ru/assets/5b6ea7d6/skins/flat/yellow@2x.png]
[irkutsk.razgruzchiki.ru/assets/5b6ea7d6/skins/flat/pink.png]
[irkutsk.razgruzchiki.ru/assets/5b6ea7d6/skins/flat/pink@2x.png]
[irkutsk.razgruzchiki.ru/assets/5b6ea7d6/skins/flat/purple.png]
[irkutsk.razgruzchiki.ru/assets/5b6ea7d6/skins/flat/purple@2x.png]
[irkutsk.razgruzchiki.ru/assets/5b6ea7d6/skins/flat/_all.css]
[irkutsk.razgruzchiki.ru/assets/5b6ea7d6/skins/line/line.png]
[irkutsk.razgruzchiki.ru/assets/5b6ea7d6/skins/line/line@2x.png]
[irkutsk.razgruzchiki.ru/assets/5b6ea7d6/skins/line/_all.css]
[irkutsk.razgruzchiki.ru/assets/5b6ea7d6/skins/polaris/polaris.png]
[irkutsk.razgruzchiki.ru/assets/5b6ea7d6/skins/polaris/polaris@2x.png]
[irkutsk.razgruzchiki.ru/assets/5b6ea7d6/skins/polaris/polaris.css]
[irkutsk.razgruzchiki.ru/assets/5b6ea7d6/skins/futurico/futurico.png]
[irkutsk.razgruzchiki.ru/assets/5b6ea7d6/skins/futurico/futurico@2x.png]
[irkutsk.razgruzchiki.ru/assets/5b6ea7d6/skins/futurico/futurico.css]
